// Jest Snapshot v1, https://goo.gl/fbAQLP

exports[` renders Item component 1`] = `
<View
  style={
    {
      "alignItems": "center",
      "display": "flex",
      "flexDirection": "row",
      "padding": 10,
    }
  }
>
  <Memo(Pressable)
    onPress={[Function]}
    style={
      [
        {
          "marginHorizontal": 16,
          "marginVertical": 8,
          "padding": 20,
        },
      ]
    }
  >
    <View>
      <Text
        style={
          [
            {
              "fontSize": 32,
            },
          ]
        }
      >
        Test Item name
      </Text>
    </View>
  </Memo(Pressable)>
</View>
`;
