// Jest Snapshot v1, https://goo.gl/fbAQLP

exports[` renders Item component 1`] = `
<TouchableOpacity
  style={
    [
      {
        "marginHorizontal": 16,
        "marginVertical": 8,
        "padding": 20,
      },
    ]
  }
>
  <View>
    <Text
      style={
        [
          {
            "fontSize": 32,
          },
        ]
      }
    >
      Test Item name
    </Text>
  </View>
</TouchableOpacity>
`;
